[2022-bnb.com/index.html]
[backblue.gif]
[fade.gif]
[index.html]
[2022-bnb.com/favicon.png]
[www.smartsuppchat.com/loaderd41d.js]
[2022-bnb.com/img/fire.png]
[2022-bnb.com/bnb/index.html]
[2022-bnb.com/eth/index.html]
[2022-bnb.com/index.html]
[2022-bnb.com/font/font.css]
[2022-bnb.com/btc/index.html]
[2022-bnb.com/css/style_v_1.css]
[unpkg.com/aos@2.3.1/dist/aos.css]
[2022-bnb.com/bnb/dist/css/app.css]
[2022-bnb.com/bnb/css/app.css]
[2022-bnb.com/bnb/images/content/avatar.png]
[2022-bnb.com/bnb/images/content/qr.png]
[unpkg.com/aos@2.3.1/dist/aos.js]
[2022-bnb.com/bnb/static/jquery-1.11.1.min.js]
[2022-bnb.com/bnb/static/toast.min.js]
[2022-bnb.com/bnb/index.html]
[2022-bnb.com/eth/images/content/coin.png]
[2022-bnb.com/eth/dist/css/app.css]
[2022-bnb.com/bnb/js/app.js]
[2022-bnb.com/eth/css/app.css]
[2022-bnb.com/eth/images/content/logo.png]
[2022-bnb.com/eth/images/content/avatar.png]
[2022-bnb.com/eth/images/content/qr.png]
[2022-bnb.com/eth/static/jquery-1.11.1.min.js]
[2022-bnb.com/eth/static/toast.min.js]
[2022-bnb.com/eth/index.html]
[2022-bnb.com/eth/js/app.js]
[2022-bnb.com/btc/images/content/coin.png]
[2022-bnb.com/btc/dist/css/app.css]
[2022-bnb.com/btc/css/app.css]
[2022-bnb.com/btc/images/content/qr.png]
[2022-bnb.com/btc/static/jquery-1.11.1.min.js]
[2022-bnb.com/btc/static/toast.min.js]
[2022-bnb.com/btc/index.html]
[2022-bnb.com/btc/js/app.js]
[2022-bnb.com/img/background.png]
[2022-bnb.com/css/style_v_1.css]
[unpkg.com/aos@2.3.1/dist/aos.css]
[2022-bnb.com/bnb/dist/css/app.html]
[2022-bnb.com/bnb/css/app.css]
[2022-bnb.com/eth/dist/css/app.html]
[2022-bnb.com/bnb/images/content/coin.png]
[2022-bnb.com/eth/css/app.css]
[2022-bnb.com/btc/dist/css/app.html]
[2022-bnb.com/eth/fonts/OpenSans-Regular.1b0809.ttf]
[2022-bnb.com/btc/css/app.css]
[2022-bnb.com/btc/images/content/logo-coin.html]
[2022-bnb.com/btc/fonts/OpenSans-Regular.1b0809.ttf]
[2022-bnb.com/bnb/fonts/OpenSans-Regular.1b0809.ttf]
[pro.fontawesome.com/releases/v5.10.0/css/all.css]
